// Jest Snapshot v1, https://goo.gl/fbAQLP

exports[`Pokemon test renders a list of Pokemon 1`] = `
<React.Fragment>
  <div
    className="container"
  >
    <label
      className="label"
    >
      Select Abilities
    </label>
    <select
      defaultValue=""
      name="ability"
      onChange={[Function]}
    />
  </div>
  <div
    className="pageView"
  >
    <h3>
      Page view
    </h3>
    <Pageable
      currentPage={1}
      totalPages={1}
      updatePage={[Function]}
    />
  </div>
  <div>
    <h1>
      Pokemon List
    </h1>
    <ol />
  </div>
</React.Fragment>
`;
